[LAST,FIRST NFL POS,BYE]
49ers,San Francisco SFO Def,8
Abbrederis,Jared GBP WR,9
Adams,Davante GBP WR,9
Adams,Joe HOU WR,10
Adams,Kyle FA TE,0
Ajirotutu,Seyi SDC WR,10
Akers,David FA PK,0
Alexander,Alvester PIT RB,12
Alexander,Danario FA WR,0
Allen,Anthony FA RB,0
Allen,Dwayne IND TE,10
Allen,Keenan SDC WR,10
Amaro,Jace NYJ TE,11
Amendola,Danny NEP WR,10
Anderson,CJ DEN RB,4
Anderson,Derek CAR QB,12
Anderson,Joe FA WR,0
Anderson,Rory FA TE,0
Andrews,Antonio TEN RB,9
Annen,Blake PHI TE,7
Archer,Dri PIT RB,12
Armstrong,Anthony CLE WR,4
Asiata,Matt MIN RB,10
Atkinson,George OAK RB,5
Ausberry,David OAK TE,5
Austin,Miles CLE WR,4
Austin,Tavon STL WR,4
Avant,Jason CAR WR,12
Avery,Donnie KCC WR,6
Ayers,Akeem TEN LB,9
Bailey,Dan DAL PK,11
Bailey,Patrick TEN LB,9
Bailey,Stedman STL WR,4
Bajema,Billy FA TE,0
Baker,Edwin CLE RB,4
Baldwin,Doug SEA WR,4
Baldwin,Jon FA WR,0
Ball,Montee DEN RB,4
Ballard,Jake FA TE,0
Ballard,Vick IND RB,10
Banyard,Joe MIN RB,10
Barden,Ramses JAC WR,11
Barkley,Matt PHI QB,7
Barner,Kenjon PHI RB,7
Barnidge,Gary CLE TE,4
Barth,Connor TBB PK,7
Bates,Phil SEA WR,4
Battle,Jackie TEN RB,9
Bears,Chicago CHI Def,9
Beasley,Cole DAL WR,11
Beckham,Odell NYG WR,8
Bell,Joique DET RB,9
Bell,Kahlil FA RB,0
Bell,LeVeon PIT RB,12
Bellamy,Josh CHI WR,9
Benford,Tim DAL WR,11
Bengals,Cincinnati CIN Def,4
Benjamin,Kelvin CAR WR,12
Benjamin,Travis CLE WR,4
Benn,Arrelious PHI WR,7
Bennett,Earl FA WR,0
Bennett,Martellus CHI TE,9
Bernard,Giovani CIN RB,4
Bersin,Brenton CAR WR,12
Bess,Davone FA WR,0
Bibbs,Kapri DEN RB,4
Bills,Buffalo BUF Def,9
Binns,Armon MIA WR,5
Bironas,Rob FA PK,0
Blackmon,Justin JAC WR,11
Blanchflower,Rob PIT TE,12
Blount,LeGarrette PIT RB,12
Blue,Alfred HOU RB,10
Bogotay,Brandon FA PK,0
Bohanon,Tommy NYJ RB,11
Bolden,Brandon NEP RB,10
Boldewijn,Geraldo ATL WR,9
Boldin,Anquan SFO WR,8
Bolser,Ted WAS TE,10
Bonani,Maikon TEN PK,9
Bonani,Maikon TEN PK,9
Bonner,Alan HOU WR,10
Boone,Kadron PHI WR,7
Bortles,Blake JAC QB,11
Bostick,Brandon GBP TE,9
Boswell,Chris HOU PK,10
Bowe,Dwayne KCC WR,6
Boyce,Josh NEP WR,10
Boyd,Chris DAL WR,11
Boyd,Tajh NYJ QB,11
Boykin,Jarrett GBP WR,9
Bradford,Sam STL QB,4
Bradshaw,Ahmad IND RB,10
Brady,Tom NEP QB,10
Bray,Tyler KCC QB,6
Brazill,LaVon FA WR,0
Breaston,Steve FA WR,0
Brees,Drew NOS QB,6
Bridgewater,Teddy MIN QB,10
Britt,Kenny STL WR,4
Brockel,Richie CAR TE,12
Broncos,Denver DEN Def,4
Brown,Andre FA RB,0
Brown,Antonio PIT WR,12
Brown,Bryce BUF RB,9
Brown,Donald SDC RB,10
Brown,Jaron ARI WR,4
Brown,John ARI WR,4
Brown,Josh NYG PK,8
Brown,Justin PIT WR,12
Brown,Marlon BAL WR,11
Brown,Mike JAC WR,11
Brown,Ronnie HOU RB,10
Brown,Vincent SDC WR,10
Brown,Zach TEN LB,9
Browns,Cleveland CLE Def,4
Broyles,Ryan DET WR,9
Bryant,Dez DAL WR,11
Bryant,Martavis PIT WR,12
Bryant,Matt ATL PK,9
Buccaneers,Tampa Bay TBB Def,7
Bullock,Randy HOU PK,10
Bumphis,Chad JAC WR,11
Burkhead,Rex CIN RB,4
Burleson,Nate CLE WR,4
Burress,Plaxico FA WR,0
Burse,Isaiah DEN WR,4
Burton,Stephen FA WR,0
Burton,Trey PHI TE,7
Bush,Michael FA RB,0
Bush,Reggie DET RB,9
Butler,Brice OAK WR,5
Butler,Deon FA WR,0
Butler,Jeremy BAL WR,11
Byham,Nate FA TE,0
Byrd,LaRon DAL WR,11
Byrne,Jake SDC TE,10
Cadet,Travaris NOS RB,6
Caldwell,Andre DEN WR,4
Cameron,Jordan CLE TE,4
Campanaro,Michael BAL WR,11
Campbell,Jason CIN QB,4
Campbell,Michael NYJ WR,11
Campbell,Tommie TEN CB,9
Cardinals,Arizona ARI Def,4
Carey,KaDeem CHI RB,9
Carlson,John ARI TE,4
Carpenter,Dan BUF PK,9
Carr,Derek OAK QB,5
Carrier,Derek SFO TE,8
Carter,Delone FA RB,0
Carter,Willie FA RB,0
Casey,James PHI TE,7
Casey,Jurrell TEN DE,9
Cassel,Matt MIN QB,10
Catanzaro,Chandler ARI PK,4
Celek,Brent PHI TE,7
Celek,Garrett SFO TE,8
Chandler,Scott BUF TE,9
Chargers,San Diego SDC Def,10
Charles,Jamaal KCC RB,6
Charles,Orson CIN TE,4
Chiefs,Kansas City KCC Def,6
Childs,Greg FA WR,0
Choice,Tashard FA RB,0
Clark,Dallas FA TE,0
Clausen,Jimmy CHI QB,9
Clay,Brennan DEN RB,4
Clay,Charles MIA TE,5
Clemens,Kellen SDC QB,10
Clutts,Tyler DAL RB,11
Coale,Danny FA WR,0
Cobb,Randall GBP WR,9
Cobb,Terrance JAC RB,11
Coffman,Chase TEN TE,9
Coleman,Brandon NOS WR,6
Coleman,Derrick SEA RB,4
Collie,Austin FA WR,0
Collins,Jed DET RB,9
Colston,Marques NOS WR,6
Colter,Kain MIN WR,10
Colts,Indianapolis IND Def,10
Cone,Kevin MIA WR,5
Conner,John NYG RB,8
Cook,Jared STL TE,4
Cooks,Brandin NOS WR,6
Coons,Travis TEN PK,9
Coons,Travis TEN PK,9
Cooper,Josh MIN WR,10
Cooper,Riley PHI WR,7
Copeland,JC DAL RB,11
Cornett,Tim FA RB,0
Cotchery,Jerricho CAR WR,12
Cousins,Kirk WAS QB,10
Cowboys,Dallas DAL Def,11
Cox,Michael NYG RB,8
Crabtree,Michael SFO WR,8
Crabtree,Tom FA TE,0
Cribbs,Josh FA WR,0
Criner,Juron OAK WR,5
Crosby,Mason GBP PK,9
Crowell,Isaiah CLE RB,4
Cruz,Victor NYG WR,8
Cumberland,Jeff NYJ TE,11
Cundiff,Billy CLE PK,4
Cunningham,BJ PHI WR,7
Cunningham,Benny STL RB,4
Cunningham,Justice STL TE,4
Cutler,Jay CHI QB,9
Dalton,Andy CIN QB,4
Daniel,Chase KCC QB,6
Daniels,BJ SEA QB,4
Daniels,Owen BAL TE,11
Davis,Austin STL QB,4
Davis,Dominique FA QB,0
Davis,Drew ATL WR,9
Davis,Fred FA TE,0
Davis,Kellen NYG TE,8
Davis,Knile KCC RB,6
Davis,Marcus FA WR,0
Davis,Mike OAK WR,5
Davis,Vernon SFO TE,8
Dawson,Phil SFO PK,8
Dawson,Skye TBB WR,7
DePalma,Dan FA WR,0
Decker,Eric NYJ WR,11
Demps,Jeff TBB RB,7
Develin,James NEP RB,10
Devlin,Pat FA QB,0
DiMarco,Patrick ATL RB,9
Dickerson,Dorin FA TE,0
Dickson,Ed CAR TE,12
Dimke,Derek NOS PK,6
Dixon,Anthony BUF RB,9
Dixon,Chase FA TE,0
Dixon,Dennis BUF QB,9
Dobson,Aaron NEP WR,10
Dolphins,Miami MIA Def,5
Donnell,Larry NYG TE,8
Dorsey,Kevin GBP WR,9
Doss,Tandon JAC WR,11
Douglas,Harry ATL WR,9
Doyle,Jack IND TE,10
Draughn,Shaun CHI RB,9
Dray,Jim CLE TE,4
Dreessen,Joel FA TE,0
Dressler,Weston KCC WR,6
Dunbar,Lance DAL RB,11
Durham,Kris DET WR,9
Dwyer,Jonathan ARI RB,4
Dysert,Zac DEN QB,4
Eagles,Philadelphia PHI Def,7
Easley,Marcus BUF WR,9
Ebert,Jeremy ATL WR,9
Ebron,Eric DET TE,9
Edelman,Julian NEP WR,10
Edwards,Armanti CHI WR,9
Edwards,Lavar TEN LB,9
Edwards,Patrick DET WR,9
Egnew,Michael MIA TE,5
Eifert,Tyler CIN TE,4
Ellington,Andre ARI RB,4
Ellington,Bruce SFO WR,8
Elliott,Kevin FA WR,0
Ellison,Rhett MIN TE,10
Enunwa,Quincy NYJ WR,11
Ertz,Zach PHI TE,7
Escobar,Gavin DAL TE,11
Evans,Mike TBB WR,7
Evans,Shaq NYJ WR,11
Ewing,Bradie JAC RB,11
Falcons,Atlanta ATL Def,9
Fales,David CHI QB,9
Fasano,Anthony KCC TE,6
Faulkner,Kory FA QB,0
Fauria,Joseph DET TE,9
Feely,Jay ARI PK,4
Fells,Daniel NYG TE,8
Fells,Darren ARI TE,4
Felton,Jerome MIN RB,10
Fiammetta,Tony CHI RB,9
Fiedorowicz,CJ HOU TE,10
Finch,Roy NEP RB,10
Finley,Jermichael FA* TE,0
Fitzgerald,Larry ARI WR,4
Fitzpatrick,Ryan HOU QB,10
Flacco,Joe BAL QB,11
Flanders,Tim NOS RB,6
Fleener,Coby IND TE,10
Floyd,Malcom SDC WR,10
Floyd,Michael ARI WR,4
Fluellen,David IND RB,10
Flynn,Matt GBP QB,9
Fokou,Moise TEN LB,9
Foles,Nick PHI QB,7
Folk,Nick NYJ PK,11
Forbath,Kai WAS PK,10
Ford,Chase MIN TE,10
Ford,Jacoby NYJ WR,11
Ford,Michael CHI RB,9
Forsett,Justin BAL RB,11
Forte,Matt CHI RB,9
Foster,Arian HOU RB,10
Fowler,Bennie DEN WR,4
Franklin,James DET QB,9
Franklin,Johnathan FA RB,0
Freeman,Devonta ATL RB,9
Freeman,Josh FA QB,0
Freese,Nate DET PK,9
Fuller,Corey DET WR,9
Furstenburg,Matt FA TE,0
Gabbert,Blaine SFO QB,8
Gaffney,Tyler NEP RB,10
Gallon,Jeremy NEP WR,10
Ganaway,Terrance FA RB,0
Gano,Graham CAR PK,12
Garcon,Pierre WAS WR,10
Garoppolo,Jimmy NEP QB,10
Gaskins,Kendall NYG RB,8
Gates,Antonio SDC TE,10
Gates,Clyde NYJ WR,11
Gerhart,Toby JAC RB,11
Gettis,David FA WR,0
Giants,New York NYG Def,8
Gibson,Brandon MIA WR,5
Gilbert,Garrett STL QB,4
Gillislee,Mike MIA RB,5
Gillmore,Crockett BAL TE,11
Ginn Jr,Ted ARI WR,4
Givens,Chris STL WR,4
Glennon,Mike TBB QB,7
Golden,Brittan ARI WR,4
Gonzalez,Tony FA TE,0
Gooden,Zaviar TEN LB,9
Goodson,Mike FA RB,0
Goodwin,Marquise BUF WR,9
Gordon,Josh CLE WR,4
Gordon,Richard KCC TE,6
Gore,Frank SFO RB,8
Gostkowski,Stephen NEP PK,10
Gould,Robbie CHI PK,9
Gradkowski,Bruce PIT QB,12
Gragg,Chris BUF TE,9
Graham,Garrett HOU TE,10
Graham,Jimmy NOS TE,6
Graham,Ray FA RB,0
Graham,Shayne NOS PK,6
Graham,TJ BUF WR,9
Grant,Ryan WAS WR,10
Gray,Cyrus KCC RB,6
Gray,Jonas NEP RB,10
Gray,MarQueis CLE TE,4
Green,AJ CIN WR,4
Green,Alex NYJ RB,11
Green,Ladarius SDC TE,10
Green,Virgil DEN TE,4
Green-Ellis,BenJarvus CIN RB,4
Greene,Shonn TEN RB,9
Gresham,Jermaine CIN TE,4
Grice,Marion SDC RB,10
Griffin III,Robert WAS QB,10
Griffin,Michael TEN S,9
Griffin,Ryan HOU TE,10
Griffin,Ryan NOS QB,6
Grimble,Xavier NYG TE,8
Grimes,Jonathan HOU RB,10
Gronkowski,Chris FA RB,0
Gronkowski,Rob NEP TE,10
Grossman,Rex CLE QB,4
Gurley,Tori BUF WR,9
Hakim,Saalim NYJ WR,11
Hall,Chad FA WR,0
Hamilton,Cobi CIN WR,4
Hamm,JeRon NOS TE,6
Hammond,Frankie KCC WR,6
Hampton,Jewel SFO RB,8
Hanie,Caleb DAL QB,11
Hankerson,Leonard WAS WR,10
Hanna,James DAL TE,11
Harbor,Clay JAC TE,11
Hardesty,Montario FA RB,0
Harkey,Cory STL TE,4
Harper,Chris GBP WR,9
Harris,Clark CIN TE,4
Harris,Demetrius KCC TE,6
Harris,DuJuan GBP RB,9
Harris,Dwayne DAL WR,11
Harris,Marcus NYG WR,8
Harrison,Mark KCC WR,6
Hartley,Garrett FA PK,0
Hartline,Brian MIA WR,5
Hartsock,Ben FA TE,0
Harvey,Mario IND RB,10
Harvin,Percy SEA WR,4
Hasselbeck,Matt IND QB,10
Hauschka,Steven SEA PK,4
Havili,Stanley IND RB,10
Hawkins,Andrew CLE WR,4
Hawkins,Charles NOS WR,6
Hawkins,Lavelle FA WR,0
Hazel,Matt MIA WR,5
Helu,Roy WAS RB,10
Hemingway,Junior KCC WR,6
Henderson,Devery FA WR,0
Henery,Alex PHI PK,7
Henne,Chad JAC QB,11
Herron,Dan IND RB,10
Herron,Robert TBB WR,7
Hester,Devin ATL WR,9
Hewitt,Ryan CIN RB,4
Heyward0Bey,Darrius PIT WR,12
Hill,Jeremy CIN RB,4
Hill,Josh NOS TE,6
Hill,Michael GBP RB,9
Hill,Sammie Lee TEN DT,9
Hill,Shaun STL QB,4
Hill,Stephen NYJ WR,11
Hilliard,Lex FA RB,0
Hillis,Peyton NYG RB,8
Hillman,Ronnie DEN RB,4
Hilton,TY IND WR,10
Hixon,Domenik FA WR,0
Hocker,Zach WAS PK,10
Hoffman,Cody WAS WR,10
Hogan,Chris BUF WR,9
Holliday,Trindon NYG WR,8
Holmes,Andre OAK WR,5
Holmes,Santonio CHI WR,9
Hoomanawanui,Michael NEP TE,10
Hopkins,DeAndre HOU WR,10
Hopkins,Dustin BUF PK,9
Hoskins,Gator MIA TE,5
Housler,Robert ARI TE,4
Houston,Stephen PIT RB,12
Hoyer,Brian CLE QB,4
Huff,Josh PHI WR,7
Huff,Marqueston TEN S,9
Hughes,Kofi CHI WR,9
Hunter,Justin TEN WR,9
Hunter,Kendall SFO RB,8
Hurns,Allen JAC WR,11
Hyde,Carlos SFO RB,8
Hynoski,Henry NYG RB,8
Ingram,Mark NOS RB,6
Inman,Dontrelle SDC WR,10
Ivory,Chris NYJ RB,11
Jackson,DeSean WAS WR,10
Jackson,Fred BUF RB,9
Jackson,Steven ATL RB,9
Jackson,Tarvaris SEA QB,4
Jackson,Vincent TBB WR,7
Jacobs,Brandon FA RB,0
Jaguars,Jacksonville JAC Def,11
James,LaMichael SFO RB,8
James,Mike TBB RB,7
Jamison,Jawan FA RB,0
Janikowski,Sebastian OAK PK,5
Janis,Jeff GBP WR,9
Jean,Lestar MIN WR,10
Jefferson,DC CAR TE,12
Jeffery,Alshon CHI WR,9
Jenkins,AJ KCC WR,6
Jenkins,Greg OAK WR,5
Jennings,Greg MIN WR,10
Jennings,Rashad NYG RB,8
Jensen,Brock FA QB,0
Jensen,Marcel JAC TE,11
Jernigan,Jerrel NYG WR,8
Jets,New York NYJ Def,11
Johnson,Andre HOU WR,10
Johnson,Antonio TEN DE,9
Johnson,Calvin DET WR,9
Johnson,Charles CLE WR,4
Johnson,Chris NYJ RB,11
Johnson,Damaris PHI WR,7
Johnson,Darius FA WR,0
Johnson,David SDC TE,10
Johnson,Dennis FA RB,0
Johnson,Josh SFO QB,8
Johnson,Quinn FA RB,0
Johnson,Stevie SFO WR,8
Johnson,Storm JAC RB,11
Johnson,Will PIT RB,12
Jones,Chandler FA WR,0
Jones,DaQuan TEN DT,9
Jones,Dominique BUF TE,9
Jones,Dwight FA WR,0
Jones,Felix FA RB,0
Jones,Greg NOS RB,6
Jones,Jacoby BAL WR,11
Jones,James OAK WR,5
Jones,Julio ATL WR,9
Jones,Justin NEP TE,10
Jones,Landry PIT QB,12
Jones,Marvin CIN WR,4
Jones,Seantavius NOS WR,6
Jones,TJ DET WR,9
Jones-Drew,Maurice OAK RB,5
Josey,Henry PHI RB,7
Juszczyk,Kyle BAL RB,11
Kaeding,Nate FA PK,0
Kaepernick,Colin SFO QB,8
Kafka,Mike TBB QB,7
Karim,Deji IND RB,10
Kasa,Nick OAK TE,5
Kearse,Jermaine SEA WR,4
Keenum,Case HOU QB,10
Kelce,Travis KCC TE,6
Keller,Dustin FA TE,0
Kendricks,Lance STL TE,4
Kerley,Jeremy NYJ WR,11
Kern,Brett TEN PN,9
King,Jeff ARI TE,4
King,Tavarres CAR WR,12
Kinne,GJ PHI QB,7
Klug,Karl TEN DE,9
Kolb,Kevin FA QB,0
Kuhn,John GBP RB,9
LaFell,Brandon NEP WR,10
Lacy,Eddie GBP RB,9
Landry,Jarvis MIA WR,5
Larsen,Spencer FA RB,0
Latimer,Cody DEN WR,4
Lattimore,Marcus SFO RB,8
Leach,Vonta FA RB,0
Lee,Marqise JAC WR,11
Leonard,AC FA TE,0
Leonard,Brian FA RB,0
Leonhardt,Brian OAK TE,5
Leshoure,Mikel DET RB,9
Lewis,Dion CLE RB,4
Lewis,Lance SFO WR,8
Lewis,Marcedes JAC TE,11
Lewis,Thaddeus BUF QB,9
Lindell,Rian FA PK,0
Lindley,Ryan ARI QB,4
Line,Zach MIN RB,10
Lions,Detroit DET Def,9
Little,Greg OAK WR,5
Lloyd,Brandon SFO WR,8
Locker,Jake TEN QB,9
Locker,Jake TEN QB,9
Lockette,Ricardo SEA WR,4
Lora,Erik MIN WR,10
Lorig,Erik NOS RB,6
Lucas,Marcus CAR WR,12
Luck,Andrew IND QB,10
Lyerla,Colt GBP TE,9
Lynch,Arthur MIA TE,5
Lynch,Jordan CHI RB,9
Lynch,Marshawn SEA RB,4
Maclin,Jeremy PHI WR,7
Maehl,Jeff PHI WR,7
Malena,Ben DAL RB,11
Mallett,Ryan NEP QB,10
Maneri,Steve NEP TE,10
Manning,Eli NYG QB,8
Manning,Peyton DEN QB,4
Manningham,Mario NYG WR,8
Manuel,EJ BUF QB,9
Manziel,Johnny CLE QB,4
Mariani,Marc TEN WR,9
Marshall,Brandon CHI WR,9
Martin,Doug TBB RB,7
Martin,Keshawn HOU WR,10
Martin,Mike TEN DE,9
Mason,Tre STL RB,4
Massaquoi,Mohamed FA WR,0
Mastrud,Jeron CHI TE,9
Mathews,Ryan SDC RB,10
Matthews,Chris SEA WR,4
Matthews,Jordan PHI WR,7
Matthews,Rishard MIA WR,5
Maysonet,Miguel PIT RB,12
McCarron,AJ CIN QB,4
McCarthy,Colin TEN LB,9
McClain,LeRon FA RB,0
McCluster,Dexter TEN RB,9
McCourty,Jason TEN CB,9
McCown,Josh TBB QB,7
McCown,Luke NOS QB,6
McCoy,Anthony SEA TE,4
McCoy,Colt WAS QB,10
McCoy,LeSean PHI RB,7
McDonald,Vance SFO TE,8
McFadden,Darren OAK RB,5
McGahee,Willis FA RB,0
McGloin,Matt OAK QB,5
McGrath,Sean FA TE,0
McGuffie,Sam FA WR,0
McKinnon,Jerick MIN RB,10
McKnight,Joe KCC RB,6
McManus,Brandon NYG PK,8
McNeill,Mike CAR TE,12
McNutt,Marvin CAR WR,12
Meachem,Robert NOS WR,6
Mellette,Aaron FA WR,0
Mendenhall,Rashard FA RB,0
Mettenberger,Zach TEN QB,9
Mettenberger,Zach TEN QB,9
Michael,Christine SEA RB,4
Millard,Trey SFO RB,8
Miller,Bruce SFO RB,8
Miller,Heath PIT TE,12
Miller,Lamar MIA RB,5
Miller,Zach CHI TE,9
Miller,Zach SEA TE,4
Moe,TJ STL WR,4
Moeaki,Tony BUF TE,9
Momah,Ifeanyi PHI WR,7
Moncrief,Donte IND WR,10
Mooney,Collin TEN RB,9
Moore,Denarius OAK WR,5
Moore,Kellen DET QB,9
Moore,Lance PIT WR,12
Moore,Marlon CLE WR,4
Moore,Matt MIA QB,5
Moreno,Knowshon MIA RB,5
Morgan,Derrick TEN LB,9
Morgan,Joseph NOS WR,6
Morgan,Josh CHI WR,9
Morris,Alfred WAS RB,10
Morris,Stephen JAC QB,11
Moss,Santana WAS WR,10
Moye,Derek PIT WR,12
Mulligan,Matthew CHI TE,9
Murphy,Jake OAK TE,5
Murphy,Louis TBB WR,7
Murray,Aaron KCC QB,6
Murray,DeMarco DAL RB,11
Murray,Latavius OAK RB,5
Myers,Brandon TBB TE,7
Nassib,Ryan NYG QB,8
Neal,Rajion GBP RB,9
Nelson,David NYJ WR,11
Nelson,Jordy GBP WR,9
Neutz,Alex CIN WR,4
Newton,Cam CAR QB,12
Nicks,Hakeem IND WR,10
Niklas,Troy ARI TE,4
Noble,Danny FA TE,0
Norwood,Kevin SEA WR,4
Novak,Nick SDC PK,10
Nugent,Mike CIN PK,4
Obomanu,Ben FA WR,0
Ogbonnaya,Chris CLE RB,4
Ogletree,Kevin DET WR,9
Olawale,Jamize OAK RB,5
Oliver,Branden SDC RB,10
Olsen,Greg CAR TE,12
Onobun,Fendi FA TE,0
Orlovsky,Dan DET QB,9
Orton,Kyle FA QB,0
Osgood,Kassim SFO WR,8
Osweiler,Brock DEN QB,4
Owens,Montell DET RB,9
Owusu,Chris TBB WR,7
Packers,Green Bay GBP Def,9
Page,Eric TBB WR,7
Painter,Curtis NYG QB,8
Palmer,Carson ARI QB,4
Palmer,Jordan CHI QB,9
Palmer,Michael PIT TE,12
Palmer,Tobais NOS WR,6
Panthers,Carolina CAR Def,12
Parker,Preston NYG WR,8
Parkey,Cody PHI PK,7
Pascoe,Bear ATL TE,9
Patriots,New England NEP Def,10
Patterson,Cordarrelle MIN WR,10
Patton,Quinton SFO WR,8
Paul,Niles WAS TE,10
Paulsen,Logan WAS TE,10
Paulson,David PIT TE,12
Pead,Isaiah STL RB,4
Peerman,Cedric CIN RB,4
Perkins,LaDarius GBP RB,9
Perry,Senorise CHI RB,9
Peterson,Adrian MIN RB,10
Pettigrew,Brandon DET TE,9
Pettis,Austin STL WR,4
Phillips,John SDC TE,10
Phillips,Shaun TEN LB,9
Pierce,Bernard BAL RB,11
Pilares,Kealoha CAR WR,12
Pitoitua,Ropati TEN DE,9
Pitta,Dennis BAL TE,11
Polk,Chris PHI RB,7
Pollard,Bernard TEN S,9
Ponder,Christian MIN QB,10
Poole,Tauren PIT RB,12
Posey,DeVier HOU WR,10
Potter,John MIA PK,5
Powell,Bilal NYJ RB,11
Powell,Walter ARI WR,4
Powell,William HOU RB,10
Prater,Matt DEN PK,4
Preston,Michael TEN WR,9
Prosch,Jay HOU RB,10
Pryor,Terrelle SEA QB,4
Quarless,Andrew GBP TE,9
Quick,Brian STL WR,4
Quinn,Brady MIA QB,5
Raiders,Oakland OAK Def,5
Rainey,Bobby TBB RB,7
Rainey,Chris FA RB,0
Rams,St Louis STL Def,4
Randle,Joseph DAL RB,11
Randle,Rueben NYG WR,8
Ravens,Baltimore BAL Def,11
Reaves,Darrin CAR RB,12
Redd,Silas WAS RB,10
Redman,Isaac FA RB,0
Redskins,Washington WAS Def,10
Reece,Marcel OAK RB,5
Reed,David SFO WR,8
Reed,Jordan WAS TE,10
Reedy,Bernard ATL WR,9
Reese,Tevin SDC WR,10
Reisner,Allen MIN TE,10
Renfree,Sean ATL QB,9
Renner,Bryn DEN QB,4
Reuland,Konrad FA TE,0
Reynaud,Darius CHI RB,9
Reynolds,Chase STL RB,4
Rice,Ray BAL RB,11
Rice,Sidney FA WR,0
Richardson,Daryl NYJ RB,11
Richardson,Paul SEA WR,4
Richardson,Trent IND RB,10
Riddick,Theo DET RB,9
Ridley,Stevan NEP RB,10
Rivera,Mychal OAK TE,5
Rivers,Philip SDC QB,10
Roberts,Andre WAS WR,10
Robinson,Adrien NYG TE,8
Robinson,Aldrick WAS WR,10
Robinson,Allen JAC WR,11
Robinson,Denard JAC RB,11
Robinson,Gerrell DEN TE,4
Robinson,Khiry NOS RB,6
Robinson,Michael FA RB,0
Robiskie,Brian TEN WR,9
Rodgers,Aaron GBP QB,9
Rodgers,Jacquizz ATL RB,9
Rodgers,Jordan FA QB,0
Rodgers,Richard GBP TE,9
Rodriguez,Evan BUF TE,9
Roethlisberger,Ben PIT QB,12
Rogers,DaRick IND WR,10
Romo,Tony DAL QB,11
Rosario,Dante CHI TE,9
Ross,Jeremy DET WR,9
Royal,Eddie SDC WR,10
Royster,Evan WAS RB,10
Rudolph,Kyle MIN TE,10
Rugland,Havard FA PK,0
Ryan,Matt ATL QB,9
Saints,New Orleans NOS Def,6
Salas,Greg NYJ WR,11
Sanchez,Mark PHI QB,7
Sanders,Ace JAC WR,11
Sanders,Emmanuel DEN WR,4
Sankey,Bishop TEN RB,9
Santos,Cairo KCC PK,6
Sanu,Mohamed CIN WR,4
Sanzenbacher,Dane CIN WR,4
Saunders,Jalen NYJ WR,11
Saunders,Weslye IND TE,10
Savage,Tom HOU QB,10
Schaub,Matt OAK QB,5
Scheffler,Tony FA TE,0
Scobee,Josh JAC PK,11
Scott,Bernard FA RB,0
Scott,DaRel FA RB,0
Scott,Jeff FA RB,0
Scott,Matt CIN QB,4
Seahawks,Seattle SEA Def,4
Seastrunk,Lache WAS RB,10
Seferian-Jenkins,Austin TBB TE,7
Sensabaugh,Coty TEN CB,9
Shaw,Connor CLE QB,4
Sheets,Kory OAK RB,5
Shepard,Russell TBB WR,7
Sherman,Anthony KCC RB,6
Shiancoe,Visanthe FA TE,0
Shorts,Cecil JAC WR,11
Simms,Matt NYJ QB,11
Simpson,Jerome MIN WR,10
Sims,Charles TBB RB,7
Sims,Dion MIA TE,5
Skelton,John FA QB,0
Slater,Matt NEP WR,10
Small,Kiero SEA RB,4
Smelley,Brad STL TE,4
Smith,Alex CIN TE,4
Smith,Alex KCC QB,6
Smith,Alfonso SFO RB,8
Smith,Andre FA TE,0
Smith,Antone ATL RB,9
Smith,Armond FA RB,0
Smith,Brad PHI WR,7
Smith,Brett FA QB,0
Smith,Geno NYJ QB,11
Smith,Lee BUF TE,9
Smith,Michael NYJ RB,11
Smith,Rodney MIN WR,10
Smith,Rusty FA QB,0
Smith,Steve BAL WR,11
Smith,Torrey BAL WR,11
Snead,Willie CLE WR,4
Snelling,Jason FA RB,0
Sorensen,Brad SDC QB,10
Spadola,Ryan MIA WR,5
Spaeth,Matt PIT TE,12
Spann,Chad FA RB,0
Spear,Carey PHI PK,7
Sperry,Kory MIN TE,10
Spiller,CJ BUF RB,9
Sproles,Darren PHI RB,7
Spurlock,Micheal CHI WR,9
Stacy,Zac STL RB,4
Stafford,Daimion TEN S,9
Stafford,Matthew DET QB,9
Stanton,Drew ARI QB,4
Stanzi,Ricky JAC QB,11
Starks,James GBP RB,9
Steelers,Pittsburgh PIT Def,12
Stephens0Howling,LaRod FA RB,0
Stevens,Craig TEN TE,9
Stewart,Jeremy OAK RB,5
Stewart,Jonathan CAR RB,12
Stewart,Josh FA WR,0
Stills,Kenny NOS WR,6
Stocker,Luke TBB TE,7
Stokley,Brandon FA WR,0
Stoneburner,Jake GBP TE,9
Streater,Rod OAK WR,5
Street,Devin DAL WR,11
Streeter,Tommy TBB WR,7
Sturgis,Caleb MIA PK,5
Succop,Ryan KCC PK,6
Sudfeld,Zach NYJ TE,11
Suisham,Shaun PIT PK,12
Summers,Frank BUF RB,9
Swoope,Erik IND TE,10
Swope,Ryan FA WR,0
Taufoou,Will JAC RB,11
Taliaferro,Lorenzo BAL RB,11
Tamme,Jacob DEN TE,4
Tannehill,Ryan MIA QB,5
Tanner,Phillip FA RB,0
Tanney,Alex TBB QB,7
Tate,Ben CLE RB,4
Tate,Brandon CIN WR,4
Tate,Golden DET WR,9
Tavecchio,Giorgio DET PK,9
Taylor,Kerry JAC WR,11
Taylor,Ryan GBP TE,9
Taylor,Stepfan ARI RB,4
Taylor,Tyrod BAL QB,11
Tebow,Tim FA QB,0
Texans,Houston HOU Def,10
Thielen,Adam MIN WR,10
Thigpen,Marcus MIA WR,5
Thomas,Daniel MIA RB,5
Thomas,DeAnthony KCC RB,6
Thomas,Demaryius DEN WR,4
Thomas,Eric IND WR,10
Thomas,Julius DEN TE,4
Thomas,Lamaar JAC WR,11
Thomas,Logan ARI QB,4
Thomas,Mike HOU WR,10
Thomas,Pierre NOS RB,6
Thompkins,Kenbrell NEP WR,10
Thompson,Chris WAS RB,10
Thompson,Deonte BAL WR,11
Thompson,Juwan DEN RB,4
Thompson,Taylor TEN TE,9
Tipton,Zurlon IND RB,10
Titans,Tennessee TEN Def,9
Titans,Tennessee TEN Def,9
Titans,Tennessee TEN Off,9
Titans,Tennessee TEN ST,9
Titans,Tennessee TEN TM,9
Titans,Tennessee TEN TMDB,9
Titans,Tennessee TEN TMDL,9
Titans,Tennessee TEN TMLB,9
Titans,Tennessee TEN TMPK,9
Titans,Tennessee TEN TMPN,9
Titans,Tennessee TEN TMQB,9
Todman,Jordan JAC RB,11
Toilolo,Levine ATL TE,9
Tolbert,Mike CAR RB,12
Toliver,Terrence FA WR,0
Tolzien,Scott GBP QB,9
Toon,Nick NOS WR,6
Tucker,Justin BAL PK,11
Tucker,Matthew PHI RB,7
Tuel,Jeff BUF QB,9
Turbin,Robert SEA RB,4
Turner,Michael FA RB,0
Tyms,Brian NEP WR,10
Tynes,Lawrence FA PK,0
Underwood,Tiquan CAR WR,12
Vaughan,Dustin DAL QB,11
Vaughan,Josh ATL RB,9
Veltung,Justin STL WR,4
Vereen,Shane NEP RB,10
Vernon,Conner DET WR,9
Vick,Michael NYJ QB,11
Vikings,Minnesota MIN Def,10
Vinatieri,Adam IND PK,10
Walker,Delanie TEN TE,9
Wallace,Mike MIA WR,5
Wallace,Seneca GBP QB,9
Walsh,Blair MIN PK,10
Walter,Kevin FA WR,0
Ward,Eric FA WR,0
Ware,Spencer SEA RB,4
Washington,Corey NYG WR,8
Washington,LDamian SFO WR,8
Washington,Leon TEN RB,9
Washington,Nate TEN WR,9
Watkins,Sammy BUF WR,9
Watson,Ben NOS TE,6
Wayne,Reggie IND WR,10
Webb,Joe CAR QB,12
Weeden,Brandon DAL QB,11
Weems,Eric FA WR,0
Welker,Wes DEN WR,4
Wells,Beanie FA RB,0
Wenning,Keith BAL QB,11
West,Terrance CLE RB,4
Whalen,Griff IND WR,10
Whalen,Ryan CIN WR,4
Wheaton,Markus PIT WR,12
Whisenhunt,Ken TEN Coach,9
White,James NEP RB,10
White,Myles GBP WR,9
White,Roddy ATL WR,9
Whitehurst,Charlie TEN QB,9
Whitehurst,Charlie TEN QB,9
Whittaker,Fozzy CAR RB,12
Wiggs,Carson FA PK,0
Wilder,James CIN RB,4
Williams,Andre NYG RB,8
Williams,Brandon CAR TE,12
Williams,Chris CHI WR,9
Williams,DJ NEP TE,10
Williams,Damian MIA WR,5
Williams,Damien MIA RB,5
Williams,DeAngelo CAR RB,12
Williams,Kerwynn SDC RB,10
Williams,Kyle KCC WR,6
Williams,Michael DET TE,9
Williams,Mike BUF WR,9
Williams,Nick WAS WR,10
Williams,Ryan DAL RB,11
Williams,Stephen FA WR,0
Williams,Teddy ARI WR,4
Williams,Terrance DAL WR,11
Williamson,Avery TEN LB,9
Willie,Mike BAL WR,11
Willson,Luke SEA TE,4
Wilson,Albert KCC WR,6
Wilson,David NYG RB,8
Wilson,George TEN S,9
Wilson,Marquess CHI WR,9
Wilson,Russell SEA QB,4
Wilson,Tyler CIN QB,4
Wimbley,Kamerion TEN LB,9
Wingo,Ronnie BUF RB,9
Winn,George DET RB,9
Winslow,Kellen FA TE,0
Witten,Jason DAL TE,11
Wood,Cierre BAL RB,11
Woodhead,Danny SDC RB,10
Woods,Al TEN DT,9
Woods,Robert BUF WR,9
Woodyard,Wesley TEN LB,9
Wreh0Wilson,Blidi TEN CB,9
Wright,James CIN WR,4
Wright,Jarius MIN WR,10
Wright,Kendall TEN WR,9
Wright,Tim TBB TE,7
Wylie,Devon SFO WR,8
Yates,TJ ATL QB,9
Yeatman,Will HOU TE,10
Young,Darrel WAS RB,10
Young,Vince FA QB,0
Zuerlein,Greg STL PK,4
